// Jest Snapshot v1, https://goo.gl/fbAQLP

exports[`extends partial types, with nested complex types extends partial types, with nested complex types 1`] = `
Array [
  Object {
    "name": "nested.dto.ts",
    "text": "export interface NestedDto {
    a: number;
    b: string;
    c: boolean;
}
",
  },
  Object {
    "name": "simple.dto.ts",
    "text": "import { NestedDto } from \\"./nested.dto\\";

export interface SimpleDto2 extends Pick<Partial<NestedDto>, 'a'|'c'> {
}

export interface SimpleDto extends Partial<Pick<NestedDto, 'a'|'c'>> {
}
",
  },
]
`;
